2026-04-05 20:38:25,196 - __main__ - ERROR - No Telegram session file found at userbot.session and BOT_TOKEN is not set. Provide a valid .session file or set BOT_TOKEN in the environment.
2026-04-05 20:44:35,703 - __main__ - INFO - 🚀 Userbot Starting...
2026-04-05 20:44:35,705 - __main__ - INFO - 📱 Session: userbot
2026-04-05 20:44:35,705 - __main__ - INFO - ⚙️ Commands available with prefix: .
2026-04-05 20:59:47,291 - __main__ - INFO - 🔑 Auth mode: user session
2026-04-05 20:59:47,292 - __main__ - INFO - 🚀 Userbot Starting...
2026-04-05 20:59:47,293 - __main__ - INFO - 📱 Session: userbot
2026-04-05 20:59:47,293 - __main__ - INFO - ⚙️ Commands available with prefix: .
2026-04-05 21:01:48,075 - __main__ - INFO - 🔑 Auth mode: user session
2026-04-05 21:01:48,076 - __main__ - INFO - 🚀 Userbot Starting...
2026-04-05 21:01:48,076 - __main__ - INFO - 📱 Session: userbot
2026-04-05 21:01:48,077 - __main__ - INFO - ⚙️ Commands available with prefix: .
2026-04-05 21:06:01,396 - __main__ - INFO - 🚀 Userbot Starting...
2026-04-05 21:06:01,400 - __main__ - INFO - 📱 Session: userbot
2026-04-05 21:06:01,402 - __main__ - INFO - ⚙️ Commands available with prefix: .
2026-04-05 21:10:01,485 - __main__ - INFO - 🚀 Userbot Starting...
2026-04-05 21:10:01,486 - __main__ - INFO - 📱 Session: userbot
2026-04-05 21:10:01,487 - __main__ - INFO - ⚙️ Commands available with prefix: .
2026-04-05 21:12:06,727 - __main__ - INFO - 🚀 Userbot Starting...
2026-04-05 21:12:06,727 - __main__ - INFO - 📱 Session: userbot
2026-04-05 21:12:06,727 - __main__ - INFO - ⚙️ Commands available with prefix: .
2026-04-05 21:13:49,524 - __main__ - INFO - 🚀 Userbot Starting...
2026-04-05 21:13:49,524 - __main__ - INFO - 📱 Session: userbot
2026-04-05 21:13:49,524 - __main__ - INFO - ⚙️ Commands available with prefix: .
2026-04-06 14:26:04,820 - __main__ - INFO - 🚀 Userbot Starting...
2026-04-06 14:26:04,822 - __main__ - INFO - 📱 Session: userbot
2026-04-06 14:26:04,822 - __main__ - INFO - ⚙️ Commands available with prefix: .
